// Jest Snapshot v1, https://goo.gl/fbAQLP

exports[`NotificationConfigDialog renders 1`] = `null`;
