// Jest Snapshot v1, https://goo.gl/fbAQLP

exports[`CreateMonitor renders 1`] = `
<div
  style={
    Object {
      "padding": "25px 50px",
    }
  }
>
  <Formik
    initialValues={
      Object {
        "adResultIndex": undefined,
        "aggregationType": "count",
        "aggregations": Array [],
        "associatedMonitors": Object {
          "sequence": Object {
            "delegates": Array [],
          },
        },
        "associatedMonitorsEditor": "",
        "associatedMonitorsList": Array [],
        "bucketUnitOfTime": "h",
        "bucketValue": 1,
        "clusterNames": Array [],
        "cronExpression": "0 */1 * * *",
        "daily": 0,
        "description": "",
        "detectorId": "",
        "disabled": false,
        "fieldName": Array [],
        "filters": Array [],
        "frequency": "interval",
        "groupBy": Array [],
        "groupByField": Array [
          Object {
            "label": "",
          },
        ],
        "groupedOverFieldName": "bytes",
        "groupedOverTop": 5,
        "index": Array [],
        "monitor_type": "query_level_monitor",
        "monthly": Object {
          "day": 1,
          "type": "day",
        },
        "name": "",
        "overDocuments": "all documents",
        "period": Object {
          "interval": 1,
          "unit": "MINUTES",
        },
        "preventVisualEditor": false,
        "queries": Array [],
        "query": "{
    \\"size\\": 0,
    \\"query\\": {
        \\"match_all\\": {}
    }
}",
        "searchType": "graph",
        "timeField": "",
        "timezone": Array [],
        "uri": Object {
          "api_type": "",
          "clusters": Array [],
          "path": "",
          "path_params": "",
          "url": "",
        },
        "weekly": Object {
          "fri": false,
          "mon": false,
          "sat": false,
          "sun": false,
          "thur": false,
          "tue": false,
          "wed": false,
        },
      }
    }
    onSubmit={[Function]}
    validateOnChange={false}
  >
    <Component />
  </Formik>
</div>
`;
