// Jest Snapshot v1, https://goo.gl/fbAQLP

exports[`DefineMonitor renders 1`] = `
<div>
  <div>
    <DataSource
      dataTypes={Object {}}
      errors={Object {}}
      httpClient={[MockFunction]}
      isMinimal={false}
      remoteMonitoringEnabled={false}
      values={
        Object {
          "aggregationType": "count",
          "aggregations": Array [],
          "associatedMonitors": Object {
            "sequence": Object {
              "delegates": Array [],
            },
          },
          "associatedMonitorsEditor": "",
          "associatedMonitorsList": Array [],
          "bucketUnitOfTime": "h",
          "bucketValue": 1,
          "clusterNames": Array [],
          "cronExpression": "0 */1 * * *",
          "daily": 0,
          "description": "",
          "detectorId": "",
          "disabled": false,
          "fieldName": Array [],
          "filters": Array [],
          "frequency": "interval",
          "groupBy": Array [],
          "groupByField": Array [
            Object {
              "label": "",
            },
          ],
          "groupedOverFieldName": "bytes",
          "groupedOverTop": 5,
          "index": Array [],
          "monitor_type": "query_level_monitor",
          "monthly": Object {
            "day": 1,
            "type": "day",
          },
          "name": "",
          "overDocuments": "all documents",
          "period": Object {
            "interval": 1,
            "unit": "MINUTES",
          },
          "preventVisualEditor": false,
          "queries": Array [],
          "query": "{
    \\"size\\": 0,
    \\"query\\": {
        \\"match_all\\": {}
    }
}",
          "searchType": "graph",
          "timeField": "",
          "timezone": Array [],
          "uri": Object {
            "api_type": "",
            "clusters": Array [],
            "path": "",
            "path_params": "",
            "url": "",
          },
          "weekly": Object {
            "fri": false,
            "mon": false,
            "sat": false,
            "sun": false,
            "thur": false,
            "tue": false,
            "wed": false,
          },
        }
      }
    />
    <EuiSpacer />
  </div>
  <ContentPanel
    actions={Array []}
    bodyStyles={
      Object {
        "padding": "initial",
      }
    }
    panelStyles={
      Object {
        "paddingLeft": "10px",
        "paddingRight": "10px",
      }
    }
    title="Query"
    titleSize="s"
  >
    <div
      style={
        Object {
          "padding": "0px 10px",
        }
      }
    >
      <EuiPanel
        hasShadow={false}
        style={
          Object {
            "alignItems": "center",
            "display": "flex",
            "height": 450,
          }
        }
      >
        <EuiEmptyPrompt
          body="You must specify an index."
        />
      </EuiPanel>
    </div>
  </ContentPanel>
</div>
`;

exports[`DefineMonitor should show warning in case of Ad monitor and plugin is not installed 1`] = `
<div>
  <ContentPanel
    actions={
      Array [
        <EuiButton
          disabled={true}
          onClick={[Function]}
        >
          Run
        </EuiButton>,
      ]
    }
    bodyStyles={
      Object {
        "padding": "initial",
      }
    }
    panelStyles={
      Object {
        "paddingLeft": "10px",
        "paddingRight": "10px",
      }
    }
    title="Query"
    titleSize="s"
  >
    <EuiCallOut
      color="warning"
      iconType="help"
      size="s"
      title="Anomaly detector plugin is not installed on OpenSearch, This monitor will not functional properly."
    />
    <EuiSpacer
      size="s"
    />
    <div
      style={
        Object {
          "padding": "0px 10px",
        }
      }
    >
      <EuiPanel
        hasShadow={false}
        style={
          Object {
            "alignItems": "center",
            "display": "flex",
            "height": 450,
          }
        }
      >
        <EuiEmptyPrompt
          body="You must specify an index."
        />
      </EuiPanel>
    </div>
    <EuiSpacer
      size="m"
    />
    <QueryPerformance
      response={null}
    />
  </ContentPanel>
</div>
`;
