// Jest Snapshot v1, https://goo.gl/fbAQLP

exports[`OfExpression renders 1`] = `
<div
  class="euiPopover euiPopover--anchorDownLeft"
  id="of-popover"
>
  <div
    class="euiPopover__anchor"
  >
    <button
      class="euiExpression euiExpression-isClickable euiExpression-isUppercase euiExpression--success"
    >
      <span
        class="euiExpression__description"
      >
        of
      </span>
       
      <span
        class="euiExpression__value"
      >
        Select a field
      </span>
    </button>
  </div>
</div>
`;
