// Jest Snapshot v1, https://goo.gl/fbAQLP

exports[`MonitorDefinitionCard renders without AD plugin 1`] = `
<div>
  <div
    class="euiText euiText--extraSmall"
    style="padding-bottom:0px;margin-bottom:0px"
  >
    <h4>
      Monitor defining method
    </h4>
  </div>
  <div
    class="euiText euiText--extraSmall"
  >
    <div
      class="euiTextColor euiTextColor--subdued"
    >
      Specify the way you want to define your query and triggers. 
      <a
        class="euiLink euiLink--primary"
        href="https://opensearch.org/docs/monitoring-plugins/alerting/monitors/#create-monitors"
        rel="noopener noreferrer"
        target="_blank"
      >
        Learn more
        <div>
          EuiIconMock
        </div>
        <span
          class="euiScreenReaderOnly"
        >
          (opens in a new tab or window)
        </span>
      </a>
    </div>
  </div>
  <div
    class="euiFlexGroup euiFlexGroup--gutterSmall euiFlexGroup--alignItemsFlexStart euiFlexGroup--directionRow euiFlexGroup--responsive"
    style="padding-top:0px;margin-top:0px"
  >
    <div
      class="euiFlexItem euiFlexItem--flexGrowZero"
      style="width:275px"
    >
      <div
        class="euiFormRow"
        id="searchTypeGraph-form-row-row"
      >
        <div
          class="euiFormRow__fieldWrapper"
        >
          <div
            class="euiPanel euiPanel--borderRadiusMedium euiPanel--plain euiPanel--hasShadow euiPanel--hasBorder euiPanel--flexGrowZero euiSplitPanel euiSplitPanel--row euiCheckableCard"
          >
            <div
              class="euiPanel euiPanel--paddingMedium euiPanel--borderRadiusNone euiPanel--subdued euiPanel--noShadow euiPanel--noBorder euiPanel--flexGrowZero euiPanel--isClickable euiSplitPanel__inner"
            >
              <div
                class="euiRadio euiRadio--noLabel"
                data-test-subj="visualEditorRadioCard"
              >
                <input
                  class="euiRadio__input"
                  id="visualEditorRadioCard"
                  name="searchTypeGraph"
                  type="radio"
                  value="graph"
                />
                <div
                  class="euiRadio__circle"
                />
              </div>
            </div>
            <div
              class="euiPanel euiPanel--paddingMedium euiPanel--borderRadiusNone euiPanel--transparent euiPanel--noShadow euiPanel--noBorder euiSplitPanel__inner"
            >
              <label
                class="euiCheckableCard__label"
                for="visualEditorRadioCard"
              >
                Visual editor
              </label>
            </div>
          </div>
        </div>
      </div>
    </div>
    <div
      class="euiFlexItem euiFlexItem--flexGrowZero"
      style="width:275px"
    >
      <div
        class="euiFormRow"
        id="searchTypeQuery-form-row-row"
      >
        <div
          class="euiFormRow__fieldWrapper"
        >
          <div
            class="euiPanel euiPanel--borderRadiusMedium euiPanel--plain euiPanel--hasShadow euiPanel--hasBorder euiPanel--flexGrowZero euiSplitPanel euiSplitPanel--row euiCheckableCard"
          >
            <div
              class="euiPanel euiPanel--paddingMedium euiPanel--borderRadiusNone euiPanel--subdued euiPanel--noShadow euiPanel--noBorder euiPanel--flexGrowZero euiPanel--isClickable euiSplitPanel__inner"
            >
              <div
                class="euiRadio euiRadio--noLabel"
                data-test-subj="extractionQueryEditorRadioCard"
              >
                <input
                  class="euiRadio__input"
                  id="extractionQueryEditorRadioCard"
                  name="searchTypeQuery"
                  type="radio"
                  value="query"
                />
                <div
                  class="euiRadio__circle"
                />
              </div>
            </div>
            <div
              class="euiPanel euiPanel--paddingMedium euiPanel--borderRadiusNone euiPanel--transparent euiPanel--noShadow euiPanel--noBorder euiSplitPanel__inner"
            >
              <label
                class="euiCheckableCard__label"
                for="extractionQueryEditorRadioCard"
              >
                Extraction query editor
              </label>
            </div>
          </div>
        </div>
      </div>
    </div>
  </div>
</div>
`;

exports[`MonitorDefinitionCard renders without AD plugin 2`] = `
<div>
  <div
    class="euiText euiText--extraSmall"
    style="padding-bottom:0px;margin-bottom:0px"
  >
    <h4>
      Monitor defining method
    </h4>
  </div>
  <div
    class="euiText euiText--extraSmall"
  >
    <div
      class="euiTextColor euiTextColor--subdued"
    >
      Specify the way you want to define your query and triggers. 
      <a
        class="euiLink euiLink--primary"
        href="https://opensearch.org/docs/monitoring-plugins/alerting/monitors/#create-monitors"
        rel="noopener noreferrer"
        target="_blank"
      >
        Learn more
        <div>
          EuiIconMock
        </div>
        <span
          class="euiScreenReaderOnly"
        >
          (opens in a new tab or window)
        </span>
      </a>
    </div>
  </div>
  <div
    class="euiFlexGroup euiFlexGroup--gutterSmall euiFlexGroup--alignItemsFlexStart euiFlexGroup--directionRow euiFlexGroup--responsive"
    style="padding-top:0px;margin-top:0px"
  >
    <div
      class="euiFlexItem euiFlexItem--flexGrowZero"
      style="width:275px"
    >
      <div
        class="euiFormRow"
        id="searchTypeGraph-form-row-row"
      >
        <div
          class="euiFormRow__fieldWrapper"
        >
          <div
            class="euiPanel euiPanel--borderRadiusMedium euiPanel--plain euiPanel--hasShadow euiPanel--hasBorder euiPanel--flexGrowZero euiSplitPanel euiSplitPanel--row euiCheckableCard"
          >
            <div
              class="euiPanel euiPanel--paddingMedium euiPanel--borderRadiusNone euiPanel--subdued euiPanel--noShadow euiPanel--noBorder euiPanel--flexGrowZero euiPanel--isClickable euiSplitPanel__inner"
            >
              <div
                class="euiRadio euiRadio--noLabel"
                data-test-subj="visualEditorRadioCard"
              >
                <input
                  class="euiRadio__input"
                  id="visualEditorRadioCard"
                  name="searchTypeGraph"
                  type="radio"
                  value="graph"
                />
                <div
                  class="euiRadio__circle"
                />
              </div>
            </div>
            <div
              class="euiPanel euiPanel--paddingMedium euiPanel--borderRadiusNone euiPanel--transparent euiPanel--noShadow euiPanel--noBorder euiSplitPanel__inner"
            >
              <label
                class="euiCheckableCard__label"
                for="visualEditorRadioCard"
              >
                Visual editor
              </label>
            </div>
          </div>
        </div>
      </div>
    </div>
    <div
      class="euiFlexItem euiFlexItem--flexGrowZero"
      style="width:275px"
    >
      <div
        class="euiFormRow"
        id="searchTypeQuery-form-row-row"
      >
        <div
          class="euiFormRow__fieldWrapper"
        >
          <div
            class="euiPanel euiPanel--borderRadiusMedium euiPanel--plain euiPanel--hasShadow euiPanel--hasBorder euiPanel--flexGrowZero euiSplitPanel euiSplitPanel--row euiCheckableCard"
          >
            <div
              class="euiPanel euiPanel--paddingMedium euiPanel--borderRadiusNone euiPanel--subdued euiPanel--noShadow euiPanel--noBorder euiPanel--flexGrowZero euiPanel--isClickable euiSplitPanel__inner"
            >
              <div
                class="euiRadio euiRadio--noLabel"
                data-test-subj="extractionQueryEditorRadioCard"
              >
                <input
                  class="euiRadio__input"
                  id="extractionQueryEditorRadioCard"
                  name="searchTypeQuery"
                  type="radio"
                  value="query"
                />
                <div
                  class="euiRadio__circle"
                />
              </div>
            </div>
            <div
              class="euiPanel euiPanel--paddingMedium euiPanel--borderRadiusNone euiPanel--transparent euiPanel--noShadow euiPanel--noBorder euiSplitPanel__inner"
            >
              <label
                class="euiCheckableCard__label"
                for="extractionQueryEditorRadioCard"
              >
                Extraction query editor
              </label>
            </div>
          </div>
        </div>
      </div>
    </div>
  </div>
</div>
`;
