// Jest Snapshot v1, https://goo.gl/fbAQLP

exports[`QueryPerformance renders 1`] = `
<div
  class="euiPanel euiPanel--paddingMedium euiPanel--borderRadiusMedium euiPanel--plain euiPanel--hasShadow"
  style="padding-left:10px;padding-right:10px"
>
  <div
    class="euiFlexGroup euiFlexGroup--gutterLarge euiFlexGroup--alignItemsCenter euiFlexGroup--justifyContentSpaceBetween euiFlexGroup--directionRow euiFlexGroup--responsive"
    style="padding:0px 10px"
  >
    <div
      class="euiFlexItem"
    >
      <h3
        class="euiTitle euiTitle--small"
      >
        Monitor performance
      </h3>
    </div>
    <div
      class="euiFlexItem euiFlexItem--flexGrowZero"
    >
      <div
        class="euiFlexGroup euiFlexGroup--gutterLarge euiFlexGroup--alignItemsCenter euiFlexGroup--justifyContentSpaceBetween euiFlexGroup--directionRow euiFlexGroup--responsive"
      >
        <div
          class="euiFlexItem"
        />
      </div>
    </div>
  </div>
  <div
    class="euiText euiText--extraSmall"
    style="padding:0px 10px"
  >
    <div
      class="euiTextColor euiTextColor--subdued"
    />
  </div>
  <hr
    class="euiHorizontalRule euiHorizontalRule--full euiHorizontalRule--marginXSmall"
  />
  <div
    style="padding:0px 10px"
  >
    <div
      class="euiSpacer euiSpacer--s"
    />
    <div
      class="euiFlexGroup euiFlexGroup--gutterExtraLarge euiFlexGroup--alignItemsFlexStart euiFlexGroup--directionRow euiFlexGroup--responsive"
    >
      <div
        class="euiFlexItem euiFlexItem--flexGrowZero"
      >
        <div
          class="euiText euiText--extraSmall"
        >
          <strong>
            Monitor duration
          </strong>
          <span
            style="display:block"
          >
            5 ms
          </span>
        </div>
      </div>
      <div
        class="euiFlexItem euiFlexItem--flexGrowZero"
      >
        <div
          class="euiText euiText--extraSmall"
        >
          <strong>
            Request duration
          </strong>
          <span
            style="display:block"
          >
            -
          </span>
        </div>
      </div>
      <div
        class="euiFlexItem euiFlexItem--flexGrowZero"
      >
        <div
          class="euiText euiText--extraSmall"
        >
          <strong>
            Hits
          </strong>
          <span
            style="display:block"
          >
            15
          </span>
        </div>
      </div>
    </div>
  </div>
</div>
`;
