// Jest Snapshot v1, https://goo.gl/fbAQLP

exports[`TriggerQuery renders 1`] = `
<div>
  <EuiFlexGroup
    direction="column"
  >
    <EuiFlexItem
      style={
        Object {
          "paddingLeft": "10px",
          "paddingRight": "10px",
        }
      }
    >
      <EuiFlexGroup
        alignItems="stretch"
        gutterSize="m"
      >
        <EuiFlexItem
          grow={1}
          style={
            Object {
              "marginBottom": "20px",
            }
          }
        >
          <div>
            <Field
              name="undefinedscript.source"
            >
              <Component />
            </Field>
          </div>
        </EuiFlexItem>
        <EuiFlexItem
          grow={1}
          style={
            Object {
              "marginBottom": "0px",
              "paddingTop": "6px",
            }
          }
        >
          <EuiCompressedFormRow
            describedByIds={Array []}
            display="rowCompressed"
            fullWidth={true}
            hasChildLabel={true}
            hasEmptyLabelSpace={false}
            label={
              <EuiText
                size="xs"
              >
                <strong>
                  Trigger condition response
                </strong>
              </EuiText>
            }
            labelType="label"
          >
            <EuiCodeEditor
              grow={true}
              height="200px"
              mode="plain_text"
              readOnly={true}
              setOptions={Object {}}
              theme="github"
              value="No response"
              width="100%"
            />
          </EuiCompressedFormRow>
        </EuiFlexItem>
      </EuiFlexGroup>
    </EuiFlexItem>
  </EuiFlexGroup>
  <EuiButton
    onClick={[Function]}
    size="s"
    style={
      Object {
        "marginLeft": "10px",
      }
    }
  >
    Preview condition response
  </EuiButton>
</div>
`;
